../Core/Src/main.c:133:7:lowpass_filter	32	static
../Core/Src/main.c:154:6:USB_HANDLER	16	static
../Core/Src/main.c:188:6:HAL_UARTEx_RxEventCallback	32	static
../Core/Src/main.c:276:6:MOTORDRIVE	16	static
../Core/Src/main.c:342:5:main	24	static
../Core/Src/main.c:694:6:SystemClock_Config	88	static
../Core/Src/main.c:740:13:MX_TIM2_Init	48	static
../Core/Src/main.c:789:13:MX_TIM6_Init	16	static
../Core/Src/main.c:827:13:MX_TIM8_Init	80	static
../Core/Src/main.c:892:13:MX_USART3_UART_Init	8	static
../Core/Src/main.c:925:13:MX_USART6_UART_Init	8	static
../Core/Src/main.c:956:13:MX_DMA_Init	16	static
../Core/Src/main.c:984:13:MX_GPIO_Init	48	static
../Core/Src/main.c:1055:6:Error_Handler	4	static,ignoring_inline_asm
